
Memory Configuration

Name             Origin             Length             Attributes
FLASH            0x0000000008000000 0x0000000000040000 xr
*default*        0x0000000000000000 0xffffffffffffffff

Linker script and memory map

LOAD startup_stm32f401ccux.o

.text           0x0000000008000000       0x58
 *(.isr_vector)
 .isr_vector    0x0000000008000000        0x8 startup_stm32f401ccux.o
                0x0000000008000000                vectors
 *(.text*)
 .text          0x0000000008000008       0x50 startup_stm32f401ccux.o
                0x0000000008000008                Reset_Handler
                0x0000000008000058                . = ALIGN (0x4)
OUTPUT(final.elf elf32-littlearm)

.data           0x0000000008000058        0x0
 .data          0x0000000008000058        0x0 startup_stm32f401ccux.o

.igot.plt       0x0000000008000058        0x0
 .igot.plt      0x0000000008000058        0x0 startup_stm32f401ccux.o

.glue_7         0x0000000008000058        0x0
 .glue_7        0x0000000008000058        0x0 linker stubs

.glue_7t        0x0000000008000058        0x0
 .glue_7t       0x0000000008000058        0x0 linker stubs

.vfp11_veneer   0x0000000008000058        0x0
 .vfp11_veneer  0x0000000008000058        0x0 linker stubs

.v4_bx          0x0000000008000058        0x0
 .v4_bx         0x0000000008000058        0x0 linker stubs

.iplt           0x0000000008000058        0x0
 .iplt          0x0000000008000058        0x0 startup_stm32f401ccux.o

.rel.dyn        0x0000000008000058        0x0
 .rel.iplt      0x0000000008000058        0x0 startup_stm32f401ccux.o

.bss            0x0000000008000058        0x0
 .bss           0x0000000008000058        0x0 startup_stm32f401ccux.o

.comment        0x0000000000000000       0x7f
 .comment       0x0000000000000000       0x7f startup_stm32f401ccux.o
                                         0x80 (size before relaxing)

.ARM.attributes
                0x0000000000000000       0x33
 .ARM.attributes
                0x0000000000000000       0x33 startup_stm32f401ccux.o
